package main

import (
	{{.Package}} "{{.Package}}"
	gen "{{.Package}}/gen"
	"log"
	"net/http"
)

func main() {
	service := gen.New(&{{.Package}}.Server{})
	log.Fatal(http.ListenAndServe(":8080", service))
}
